product_id,product_name,list_price
1,Producto 001,17.38
2,Producto 002,339.97
3,Producto 003,19.75
4,Producto 004,359.43
5,Producto 005,405.67
6,Producto 006,173.42
7,Producto 007,50.91
8,Producto 008,404.53
9,Producto 009,44.01
10,Producto 010,290.79
