order_id,order_date,first_name,last_name
1,2023-06-11,Ana,Rojas
182,2023-03-20,Ana,Rojas
557,2024-09-20,Ana,Rojas
916,2023-11-27,Ana,Rojas
960,2024-05-29,Ana,Rojas
2,2025-06-20,Camila,Salazar
64,2024-04-28,Camila,Salazar
821,2023-06-10,Camila,Salazar
874,2024-07-20,Camila,Salazar
3,2024-10-28,Daniel,Rojas
543,2023-01-01,Daniel,Rojas
4,2023-10-22,Miguel,Sánchez
228,2024-02-12,Miguel,Sánchez
387,2024-03-15,Miguel,Sánchez
474,2023-05-14,Miguel,Sánchez
483,2025-02-27,Miguel,Sánchez
637,2023-04-13,Miguel,Sánchez
908,2023-07-18,Miguel,Sánchez
1198,2024-09-12,Miguel,Sánchez
5,2023-03-02,Diego,Torres
67,2024-03-06,Diego,Torres
171,2025-03-14,Diego,Torres
252,2024-11-24,Diego,Torres
395,2023-02-25,Diego,Torres
977,2025-05-21,Diego,Torres
6,2024-10-29,Miguel,Guzmán
570,2025-04-21,Miguel,Guzmán
829,2025-05-27,Miguel,Guzmán
7,2025-01-26,Ana,Rojas
125,2024-10-26,Ana,Rojas
349,2024-02-12,Ana,Rojas
708,2024-10-15,Ana,Rojas
965,2023-08-14,Ana,Rojas
8,2023-02-08,María,Castro
29,2023-09-12,María,Castro
119,2023-07-14,María,Castro
915,2023-06-08,María,Castro
9,2024-03-03,Luis,Castro
272,2024-07-19,Luis,Castro
492,2023-02-01,Luis,Castro
559,2024-01-23,Luis,Castro
1000,2024-10-23,Luis,Castro
1129,2024-02-21,Luis,Castro
1200,2025-03-10,Luis,Castro
10,2025-07-30,María,Torres
671,2025-06-10,María,Torres
732,2023-11-17,María,Torres
862,2024-12-09,María,Torres
909,2024-11-30,María,Torres
11,2024-02-11,Daniel,García
673,2025-07-04,Daniel,García
762,2023-01-21,Daniel,García
1079,2024-12-14,Daniel,García
1154,2024-09-25,Daniel,García
12,2025-02-05,Luis,Guzmán
22,2023-01-15,Luis,Guzmán
205,2024-03-17,Luis,Guzmán
13,2023-10-24,Pedro,Salazar
854,2024-10-10,Pedro,Salazar
1106,2024-09-06,Pedro,Salazar
14,2023-11-02,Sofía,Vargas
371,2024-12-13,Sofía,Vargas
380,2024-09-16,Sofía,Vargas
15,2025-08-08,Ana,Romero
202,2023-04-04,Ana,Romero
849,2023-09-18,Ana,Romero
16,2024-04-10,Daniel,Mendoza
17,2024-06-20,Valeria,Flores
246,2023-02-07,Valeria,Flores
923,2024-07-03,Valeria,Flores
1009,2025-07-04,Valeria,Flores
1083,2024-02-23,Valeria,Flores
18,2023-05-18,Jorge,Mendoza
19,2023-10-07,Elena,Castro
20,2023-12-05,Elena,Castro
49,2023-03-05,Elena,Castro
312,2024-08-09,Elena,Castro
397,2023-09-04,Elena,Castro
635,2024-02-29,Elena,Castro
21,2024-10-25,Jorge,Mendoza
220,2023-04-20,Jorge,Mendoza
288,2024-09-24,Jorge,Mendoza
310,2024-08-02,Jorge,Mendoza
347,2024-10-12,Jorge,Mendoza
729,2023-05-27,Jorge,Mendoza
1137,2024-11-28,Jorge,Mendoza
1169,2023-05-04,Jorge,Mendoza
23,2023-10-30,María,Salazar
24,2023-07-17,María,Guzmán
75,2023-01-24,María,Guzmán
623,2024-04-04,María,Guzmán
958,2025-02-02,María,Guzmán
1136,2023-12-14,María,Guzmán
25,2024-10-16,Carlos,Rojas
700,2025-04-01,Carlos,Rojas
1158,2024-07-08,Carlos,Rojas
26,2024-03-13,Daniel,Guzmán
1072,2023-01-02,Daniel,Guzmán
27,2024-02-15,Andrés,Rojas
515,2023-10-14,Andrés,Rojas
630,2024-02-02,Andrés,Rojas
962,2023-10-16,Andrés,Rojas
28,2023-05-24,Sofía,Torres
275,2023-07-10,Sofía,Torres
606,2024-01-15,Sofía,Torres
1176,2024-05-25,Sofía,Torres
30,2023-08-30,Valeria,Salazar
303,2024-07-29,Valeria,Salazar
374,2023-04-02,Valeria,Salazar
641,2024-11-01,Valeria,Salazar
739,2023-01-05,Valeria,Salazar
746,2024-05-30,Valeria,Salazar
866,2024-03-04,Valeria,Salazar
1109,2024-02-15,Valeria,Salazar
31,2023-12-04,Ana,Huamán
529,2024-06-30,Ana,Huamán
32,2024-08-09,Ana,Mendoza
139,2024-10-19,Ana,Mendoza
783,2023-04-14,Ana,Mendoza
1061,2024-12-03,Ana,Mendoza
33,2024-01-04,Jorge,Castro
166,2025-05-28,Jorge,Castro
34,2024-11-14,Daniel,Vargas
610,2023-06-04,Daniel,Vargas
35,2023-06-13,Daniel,García
203,2024-03-31,Daniel,García
464,2023-04-17,Daniel,García
484,2024-04-19,Daniel,García
603,2025-03-14,Daniel,García
1096,2024-08-14,Daniel,García
36,2025-08-03,Ana,Huamán
620,2024-08-07,Ana,Huamán
1015,2023-01-11,Ana,Huamán
37,2025-02-27,Ana,Flores
279,2023-08-08,Ana,Flores
548,2025-07-28,Ana,Flores
811,2025-06-08,Ana,Flores
905,2024-12-27,Ana,Flores
1028,2024-06-17,Ana,Flores
1123,2023-03-12,Ana,Flores
38,2024-10-16,Lucía,Sánchez
120,2025-02-03,Lucía,Sánchez
428,2025-02-28,Lucía,Sánchez
1070,2023-04-06,Lucía,Sánchez
39,2024-01-12,Sofía,Huamán
134,2023-06-06,Sofía,Huamán
785,2023-09-28,Sofía,Huamán
891,2023-07-28,Sofía,Huamán
40,2023-05-17,Diego,Rojas
921,2023-07-08,Diego,Rojas
41,2025-02-04,Camila,Rojas
839,2023-12-06,Camila,Rojas
1062,2024-09-02,Camila,Rojas
42,2024-03-01,Camila,Rojas
258,2024-02-05,Camila,Rojas
293,2024-12-11,Camila,Rojas
937,2024-06-10,Camila,Rojas
43,2024-04-27,Ana,Flores
152,2024-05-09,Ana,Flores
44,2024-11-11,Lucía,Vargas
476,2024-02-07,Lucía,Vargas
518,2024-07-10,Lucía,Vargas
546,2025-05-14,Lucía,Vargas
683,2023-01-09,Lucía,Vargas
788,2024-11-24,Lucía,Vargas
803,2024-08-05,Lucía,Vargas
1102,2024-07-17,Lucía,Vargas
45,2023-09-11,Pedro,García
138,2025-04-21,Pedro,García
736,2025-03-09,Pedro,García
46,2025-06-13,Elena,Castro
1111,2023-02-28,Elena,Castro
47,2024-04-02,Sofía,Huamán
48,2023-03-21,Elena,Romero
50,2024-06-01,Miguel,Huamán
619,2025-05-24,Miguel,Huamán
51,2023-06-03,Jorge,Guzmán
248,2024-08-31,Jorge,Guzmán
616,2024-12-04,Jorge,Guzmán
52,2024-06-16,Diego,Flores
493,2024-04-08,Diego,Flores
676,2024-08-08,Diego,Flores
726,2023-06-04,Diego,Flores
1098,2025-06-03,Diego,Flores
53,2023-07-30,Carlos,Huamán
196,2024-08-22,Carlos,Huamán
1092,2024-02-11,Carlos,Huamán
54,2023-04-04,Jorge,Flores
306,2023-06-21,Jorge,Flores
604,2025-07-05,Jorge,Flores
752,2024-01-03,Jorge,Flores
55,2025-04-08,Elena,Guzmán
85,2024-09-04,Elena,Guzmán
511,2025-06-23,Elena,Guzmán
572,2023-01-12,Elena,Guzmán
938,2024-05-13,Elena,Guzmán
56,2024-06-09,Valeria,Castro
373,2024-05-04,Valeria,Castro
400,2024-02-01,Valeria,Castro
682,2024-10-24,Valeria,Castro
57,2023-03-01,Diego,Mendoza
183,2023-09-04,Diego,Mendoza
538,2023-07-12,Diego,Mendoza
638,2025-03-09,Diego,Mendoza
1135,2024-05-10,Diego,Mendoza
58,2025-04-06,María,Huamán
113,2024-09-11,María,Huamán
289,2024-12-23,María,Huamán
291,2023-05-18,María,Huamán
447,2025-07-12,María,Huamán
877,2023-05-16,María,Huamán
956,2023-05-02,María,Huamán
59,2024-02-10,Carlos,Torres
756,2024-08-26,Carlos,Torres
60,2025-02-02,Andrés,Castro
345,2025-06-08,Andrés,Castro
598,2024-03-13,Andrés,Castro
61,2023-02-16,Camila,Vargas
582,2025-03-29,Camila,Vargas
62,2023-03-07,Camila,Rojas
469,2025-07-06,Camila,Rojas
769,2023-05-21,Camila,Rojas
871,2025-06-26,Camila,Rojas
959,2025-05-18,Camila,Rojas
1100,2023-06-15,Camila,Rojas
63,2025-07-04,Pedro,García
327,2024-08-06,Pedro,García
466,2023-05-26,Pedro,García
547,2023-01-23,Pedro,García
65,2023-07-04,Carlos,Sánchez
1088,2024-01-06,Carlos,Sánchez
66,2024-10-18,Diego,Romero
311,2024-05-22,Diego,Romero
408,2024-03-01,Diego,Romero
812,2025-01-31,Diego,Romero
1081,2023-08-27,Diego,Romero
68,2024-01-27,Pedro,Mendoza
69,2025-07-17,Andrés,Salazar
530,2025-01-24,Andrés,Salazar
1026,2024-04-10,Andrés,Salazar
70,2024-11-30,Diego,Castro
602,2024-04-29,Diego,Castro
71,2024-07-06,Carlos,Guzmán
114,2023-03-16,Carlos,Guzmán
427,2023-10-03,Carlos,Guzmán
72,2023-12-23,Ana,Torres
384,2023-08-11,Ana,Torres
873,2023-11-18,Ana,Torres
1065,2025-07-20,Ana,Torres
1168,2024-12-03,Ana,Torres
73,2024-02-07,Sofía,Salazar
309,2023-10-23,Sofía,Salazar
410,2024-09-22,Sofía,Salazar
74,2023-08-17,Luis,Flores
629,2025-07-25,Luis,Flores
755,2023-05-15,Luis,Flores
1054,2024-11-08,Luis,Flores
76,2024-11-20,Luis,Salazar
455,2024-01-13,Luis,Salazar
720,2025-05-21,Luis,Salazar
77,2024-06-28,Luis,Rojas
1080,2023-05-18,Luis,Rojas
78,2023-09-11,María,Torres
135,2024-01-24,María,Torres
1039,2023-03-20,María,Torres
1063,2024-01-23,María,Torres
1076,2025-04-01,María,Torres
1153,2023-07-27,María,Torres
79,2023-10-10,Miguel,Torres
413,2024-07-03,Miguel,Torres
80,2025-01-12,Ana,Torres
362,2023-10-08,Ana,Torres
81,2025-04-08,Daniel,Vargas
167,2023-04-06,Daniel,Vargas
319,2024-04-05,Daniel,Vargas
892,2024-01-03,Daniel,Vargas
1167,2024-05-29,Daniel,Vargas
82,2025-02-23,Elena,Vargas
277,2025-06-23,Elena,Vargas
512,2024-09-26,Elena,Vargas
544,2023-07-26,Elena,Vargas
588,2025-07-03,Elena,Vargas
737,2024-03-20,Elena,Vargas
1068,2024-09-06,Elena,Vargas
1117,2023-06-23,Elena,Vargas
83,2023-01-17,Elena,Rojas
143,2024-07-09,Elena,Rojas
723,2023-07-19,Elena,Rojas
84,2023-04-14,Pedro,García
984,2023-09-14,Pedro,García
86,2023-02-19,Luis,Vargas
282,2024-07-03,Luis,Vargas
87,2024-02-16,Elena,García
1075,2024-12-15,Elena,García
88,2023-08-11,Luis,Vargas
185,2023-12-06,Luis,Vargas
594,2023-09-29,Luis,Vargas
935,2025-01-11,Luis,Vargas
89,2023-02-27,Diego,Torres
124,2023-10-17,Diego,Torres
90,2023-08-28,María,Salazar
876,2024-12-04,María,Salazar
1013,2023-05-18,María,Salazar
91,2024-08-12,Sofía,Flores
586,2023-03-18,Sofía,Flores
863,2025-04-14,Sofía,Flores
92,2025-03-02,Jorge,Torres
93,2023-08-31,Lucía,Salazar
226,2024-09-09,Lucía,Salazar
522,2024-02-02,Lucía,Salazar
824,2023-09-04,Lucía,Salazar
933,2024-01-26,Lucía,Salazar
94,2024-11-07,Camila,Romero
379,2023-03-12,Camila,Romero
968,2023-11-02,Camila,Romero
95,2023-11-04,Camila,Huamán
1093,2024-07-19,Camila,Huamán
96,2024-08-28,Camila,Mendoza
952,2023-03-14,Camila,Mendoza
97,2023-06-29,Pedro,Torres
777,2023-08-01,Pedro,Torres
936,2024-06-13,Pedro,Torres
98,2024-07-23,Jorge,Castro
509,2023-06-26,Jorge,Castro
1089,2024-10-29,Jorge,Castro
99,2023-12-19,Carlos,García
613,2025-02-13,Carlos,García
100,2024-01-26,Valeria,Mendoza
887,2023-02-27,Valeria,Mendoza
943,2024-10-06,Valeria,Mendoza
101,2024-12-14,Sofía,Guzmán
129,2025-07-25,Sofía,Guzmán
445,2023-10-05,Sofía,Guzmán
102,2023-11-04,Carlos,Romero
103,2024-07-04,Elena,Salazar
906,2024-08-25,Elena,Salazar
104,2023-08-19,Carlos,Flores
184,2024-02-03,Carlos,Flores
1016,2025-04-05,Carlos,Flores
1159,2024-05-08,Carlos,Flores
1187,2024-10-07,Carlos,Flores
105,2023-05-28,Pedro,Salazar
556,2024-07-29,Pedro,Salazar
106,2023-03-01,Luis,Vargas
123,2023-09-03,Luis,Vargas
867,2024-12-10,Luis,Vargas
969,2025-03-25,Luis,Vargas
107,2024-03-02,Luis,Guzmán
253,2025-02-09,Luis,Guzmán
565,2024-09-18,Luis,Guzmán
1020,2023-05-30,Luis,Guzmán
108,2024-02-02,Ana,García
378,2024-10-18,Ana,García
751,2023-12-17,Ana,García
870,2023-05-22,Ana,García
109,2023-12-05,Jorge,Mendoza
110,2024-04-05,Elena,Mendoza
1051,2023-07-04,Elena,Mendoza
111,2024-07-02,Miguel,Sánchez
208,2024-09-03,Miguel,Sánchez
467,2023-02-14,Miguel,Sánchez
1145,2024-02-13,Miguel,Sánchez
112,2023-02-22,Lucía,García
115,2024-08-24,Daniel,Flores
734,2025-03-03,Daniel,Flores
1022,2024-05-14,Daniel,Flores
116,2023-08-11,Luis,Huamán
273,2024-03-12,Luis,Huamán
714,2025-02-20,Luis,Huamán
1125,2025-07-25,Luis,Huamán
1130,2023-03-16,Luis,Huamán
1195,2024-07-24,Luis,Huamán
117,2025-07-17,Andrés,Torres
118,2025-07-19,Luis,Guzmán
857,2024-05-31,Luis,Guzmán
1132,2023-09-21,Luis,Guzmán
121,2025-07-25,Luis,Flores
520,2024-07-11,Luis,Flores
600,2023-07-24,Luis,Flores
881,2024-08-19,Luis,Flores
1045,2023-08-04,Luis,Flores
122,2024-12-21,Jorge,Romero
126,2024-01-04,Camila,Vargas
475,2025-05-21,Camila,Vargas
810,2024-11-01,Camila,Vargas
1090,2025-05-25,Camila,Vargas
127,2024-04-22,Sofía,Rojas
432,2024-04-11,Sofía,Rojas
508,2023-01-31,Sofía,Rojas
703,2023-10-30,Sofía,Rojas
128,2024-04-25,Elena,Vargas
155,2023-10-09,Elena,Vargas
130,2024-02-28,Sofía,Salazar
131,2023-08-15,Andrés,Huamán
580,2024-08-14,Andrés,Huamán
680,2025-03-10,Andrés,Huamán
944,2024-12-02,Andrés,Huamán
132,2023-09-25,Andrés,Guzmán
153,2023-01-07,Andrés,Guzmán
133,2024-08-16,Pedro,Castro
480,2023-04-22,Pedro,Castro
527,2023-08-27,Pedro,Castro
991,2023-06-06,Pedro,Castro
136,2024-05-26,Luis,Torres
418,2023-03-30,Luis,Torres
137,2024-12-02,Jorge,Mendoza
934,2023-04-27,Jorge,Mendoza
140,2023-06-22,María,Mendoza
1170,2023-11-20,María,Mendoza
141,2023-06-23,Camila,Flores
537,2024-08-04,Camila,Flores
142,2024-05-15,Camila,Romero
234,2023-07-04,Camila,Romero
316,2023-08-12,Camila,Romero
967,2023-10-30,Camila,Romero
144,2023-03-02,Sofía,Flores
145,2025-05-17,Daniel,Castro
533,2025-05-15,Daniel,Castro
819,2025-04-26,Daniel,Castro
860,2024-08-22,Daniel,Castro
890,2023-03-05,Daniel,Castro
146,2024-11-15,Carlos,Flores
649,2025-03-23,Carlos,Flores
827,2023-08-29,Carlos,Flores
1042,2023-05-02,Carlos,Flores
147,2024-02-27,María,Salazar
221,2024-02-10,María,Salazar
942,2024-10-03,María,Salazar
1085,2024-08-14,María,Salazar
148,2023-08-25,Sofía,Huamán
499,2024-10-22,Sofía,Huamán
1193,2023-04-09,Sofía,Huamán
149,2023-01-10,Pedro,Guzmán
260,2023-12-20,Pedro,Guzmán
150,2024-01-18,Valeria,Romero
358,2023-01-01,Valeria,Romero
837,2023-12-16,Valeria,Romero
151,2024-11-13,Pedro,Torres
169,2023-01-10,Pedro,Torres
835,2023-11-08,Pedro,Torres
1053,2023-01-20,Pedro,Torres
154,2023-01-13,María,Guzmán
383,2024-09-22,María,Guzmán
809,2024-03-27,María,Guzmán
156,2023-01-18,Valeria,Romero
407,2024-10-05,Valeria,Romero
639,2025-06-07,Valeria,Romero
884,2025-06-17,Valeria,Romero
889,2024-11-30,Valeria,Romero
157,2024-11-21,Jorge,Romero
158,2025-07-20,Sofía,Flores
195,2024-01-20,Sofía,Flores
263,2025-01-17,Sofía,Flores
948,2023-03-15,Sofía,Flores
159,2023-04-09,Miguel,Torres
173,2023-02-13,Miguel,Torres
290,2024-09-21,Miguel,Torres
297,2024-10-22,Miguel,Torres
666,2024-01-05,Miguel,Torres
160,2023-07-16,Miguel,Castro
699,2025-07-10,Miguel,Castro
1152,2025-06-12,Miguel,Castro
161,2025-04-14,María,Rojas
241,2024-11-05,María,Rojas
162,2024-02-11,Miguel,García
239,2024-02-23,Miguel,García
254,2024-03-16,Miguel,García
458,2023-09-09,Miguel,García
163,2024-02-20,Ana,Torres
441,2025-05-28,Ana,Torres
1184,2025-01-26,Ana,Torres
164,2024-12-14,Carlos,Guzmán
932,2023-02-10,Carlos,Guzmán
1047,2023-02-14,Carlos,Guzmán
165,2025-04-27,Luis,García
806,2025-06-20,Luis,García
1017,2023-06-19,Luis,García
1103,2024-12-24,Luis,García
168,2024-07-19,Ana,Torres
578,2023-12-26,Ana,Torres
170,2024-05-26,Sofía,Salazar
199,2023-10-02,Sofía,Salazar
411,2023-11-14,Sofía,Salazar
1082,2023-10-18,Sofía,Salazar
172,2023-04-08,Miguel,Sánchez
438,2025-06-02,Miguel,Sánchez
174,2025-06-07,Valeria,Flores
175,2024-05-01,Diego,Guzmán
473,2023-03-05,Diego,Guzmán
636,2024-08-25,Diego,Guzmán
1190,2023-02-18,Diego,Guzmán
176,2023-03-18,Camila,Mendoza
177,2025-07-09,Daniel,Salazar
328,2024-09-03,Daniel,Salazar
525,2023-03-01,Daniel,Salazar
650,2025-05-13,Daniel,Salazar
1040,2023-08-05,Daniel,Salazar
178,2023-02-03,Luis,Huamán
250,2024-11-11,Luis,Huamán
421,2025-01-28,Luis,Huamán
711,2025-06-16,Luis,Huamán
841,2024-01-08,Luis,Huamán
1114,2025-04-03,Luis,Huamán
179,2023-11-19,Camila,Salazar
662,2024-06-20,Camila,Salazar
180,2024-08-24,Miguel,Torres
181,2024-12-30,Elena,Torres
659,2023-02-27,Elena,Torres
1059,2025-02-24,Elena,Torres
1146,2023-12-17,Elena,Torres
186,2023-05-24,Sofía,Guzmán
201,2024-02-03,Sofía,Guzmán
789,2023-04-29,Sofía,Guzmán
894,2024-07-29,Sofía,Guzmán
995,2024-10-18,Sofía,Guzmán
187,2025-01-11,Luis,Rojas
257,2024-08-12,Luis,Rojas
560,2023-10-29,Luis,Rojas
188,2023-12-21,Miguel,Guzmán
647,2024-05-01,Miguel,Guzmán
831,2024-10-31,Miguel,Guzmán
189,2023-08-26,Luis,Rojas
554,2025-03-21,Luis,Rojas
190,2024-09-11,Jorge,Salazar
545,2025-01-04,Jorge,Salazar
1131,2023-04-30,Jorge,Salazar
191,2024-09-01,Jorge,Castro
403,2025-02-27,Jorge,Castro
417,2025-05-16,Jorge,Castro
192,2023-12-01,Sofía,Castro
313,2024-07-10,Sofía,Castro
377,2025-04-12,Sofía,Castro
917,2024-10-02,Sofía,Castro
947,2024-03-21,Sofía,Castro
1073,2024-11-25,Sofía,Castro
193,2025-03-13,María,Vargas
478,2023-08-28,María,Vargas
194,2023-08-22,Camila,Huamán
230,2024-08-12,Camila,Huamán
597,2023-06-07,Camila,Huamán
197,2025-03-01,Camila,Sánchez
211,2025-01-12,Camila,Sánchez
249,2023-04-22,Camila,Sánchez
389,2023-09-12,Camila,Sánchez
198,2023-09-10,Pedro,Flores
237,2023-10-26,Pedro,Flores
517,2024-06-22,Pedro,Flores
532,2024-02-02,Pedro,Flores
799,2023-06-20,Pedro,Flores
897,2024-12-13,Pedro,Flores
200,2025-03-13,Daniel,Huamán
685,2024-12-27,Daniel,Huamán
204,2023-04-15,Andrés,Rojas
206,2024-06-08,Diego,Flores
1095,2024-05-10,Diego,Flores
207,2023-04-02,Daniel,Vargas
523,2023-11-23,Daniel,Vargas
209,2025-06-03,Ana,Guzmán
231,2024-01-21,Ana,Guzmán
283,2023-07-21,Ana,Guzmán
210,2024-02-28,Ana,García
229,2025-01-22,Ana,García
308,2023-02-03,Ana,García
845,2024-07-14,Ana,García
212,2023-09-06,Andrés,Guzmán
213,2024-12-02,Carlos,Torres
214,2023-10-03,Miguel,Rojas
240,2024-10-10,Miguel,Rojas
388,2023-09-11,Miguel,Rojas
702,2025-01-08,Miguel,Rojas
1002,2025-07-01,Miguel,Rojas
1018,2024-04-01,Miguel,Rojas
215,2023-05-30,María,Salazar
456,2025-03-02,María,Salazar
781,2023-06-02,María,Salazar
1157,2024-09-20,María,Salazar
216,2023-10-10,Camila,Vargas
750,2025-06-28,Camila,Vargas
217,2025-03-12,Sofía,Castro
261,2023-04-18,Sofía,Castro
1021,2024-01-03,Sofía,Castro
1094,2023-07-03,Sofía,Castro
218,2023-09-10,Pedro,Guzmán
902,2023-07-27,Pedro,Guzmán
219,2024-08-31,Valeria,Castro
304,2024-02-23,Valeria,Castro
222,2024-01-25,Jorge,Torres
622,2023-05-31,Jorge,Torres
840,2024-09-06,Jorge,Torres
988,2023-03-13,Jorge,Torres
223,2024-03-26,Andrés,Torres
224,2025-04-23,María,Huamán
225,2024-08-31,Jorge,Salazar
470,2025-02-04,Jorge,Salazar
653,2025-01-31,Jorge,Salazar
807,2025-07-02,Jorge,Salazar
1034,2025-07-18,Jorge,Salazar
227,2024-05-05,Pedro,Vargas
453,2023-10-26,Pedro,Vargas
727,2023-12-17,Pedro,Vargas
740,2025-01-18,Pedro,Vargas
875,2023-08-03,Pedro,Vargas
1122,2024-06-14,Pedro,Vargas
232,2024-02-07,Jorge,Salazar
333,2024-02-26,Jorge,Salazar
922,2024-06-01,Jorge,Salazar
961,2024-12-03,Jorge,Salazar
233,2024-07-31,Elena,Guzmán
459,2024-02-24,Elena,Guzmán
982,2024-07-16,Elena,Guzmán
235,2023-01-28,Camila,Torres
494,2023-09-13,Camila,Torres
826,2024-10-20,Camila,Torres
833,2023-01-01,Camila,Torres
983,2023-03-16,Camila,Torres
1124,2023-10-19,Camila,Torres
236,2024-12-26,Luis,Romero
998,2024-04-01,Luis,Romero
238,2025-04-18,Sofía,Mendoza
242,2025-03-19,Valeria,Vargas
686,2025-07-05,Valeria,Vargas
1166,2024-05-04,Valeria,Vargas
243,2024-09-04,Diego,Salazar
244,2024-07-01,Carlos,Mendoza
409,2023-03-26,Carlos,Mendoza
245,2025-06-09,Ana,Guzmán
262,2023-03-29,Ana,Guzmán
412,2023-07-28,Ana,Guzmán
440,2023-06-03,Ana,Guzmán
808,2024-05-14,Ana,Guzmán
247,2024-12-19,Diego,Vargas
363,2023-09-14,Diego,Vargas
1118,2023-09-02,Diego,Vargas
251,2024-09-19,Elena,Vargas
270,2023-04-22,Elena,Vargas
513,2023-10-30,Elena,Vargas
970,2024-01-18,Elena,Vargas
1046,2025-05-03,Elena,Vargas
255,2023-09-22,Ana,Castro
256,2024-06-15,Valeria,Rojas
883,2025-07-04,Valeria,Rojas
1099,2023-08-24,Valeria,Rojas
259,2024-08-25,Ana,Romero
264,2023-12-18,Miguel,Flores
265,2024-06-17,María,Flores
326,2025-04-13,María,Flores
393,2024-06-14,María,Flores
592,2023-07-14,María,Flores
601,2023-06-24,María,Flores
1087,2024-12-05,María,Flores
266,2023-04-10,Pedro,Castro
617,2024-08-09,Pedro,Castro
618,2023-11-03,Pedro,Castro
267,2024-04-08,Sofía,Huamán
487,2024-09-09,Sofía,Huamán
651,2024-12-02,Sofía,Huamán
800,2025-01-13,Sofía,Huamán
268,2023-02-15,María,Romero
710,2025-05-15,María,Romero
872,2025-05-13,María,Romero
1189,2023-09-14,María,Romero
269,2023-01-24,Valeria,Castro
287,2023-12-23,Valeria,Castro
842,2023-04-10,Valeria,Castro
1044,2024-05-08,Valeria,Castro
271,2025-01-28,Ana,Vargas
325,2024-09-22,Ana,Vargas
481,2024-04-05,Ana,Vargas
590,2024-09-13,Ana,Vargas
753,2025-07-17,Ana,Vargas
823,2023-03-18,Ana,Vargas
847,2024-05-19,Ana,Vargas
274,2025-03-27,Sofía,Romero
276,2024-02-10,Daniel,García
507,2025-04-21,Daniel,García
955,2023-11-20,Daniel,García
278,2024-03-15,Luis,Castro
1048,2023-06-14,Luis,Castro
280,2024-12-21,Daniel,Mendoza
281,2024-08-14,Carlos,Romero
1107,2023-09-27,Carlos,Romero
284,2024-11-17,Valeria,Rojas
608,2024-03-26,Valeria,Rojas
1003,2025-01-21,Valeria,Rojas
285,2024-10-16,Elena,Salazar
286,2024-09-17,Miguel,Guzmán
294,2024-03-04,Miguel,Guzmán
864,2024-11-04,Miguel,Guzmán
899,2024-03-02,Miguel,Guzmán
954,2024-04-06,Miguel,Guzmán
292,2023-11-09,Camila,Rojas
295,2024-01-28,Lucía,Torres
1180,2024-12-03,Lucía,Torres
1199,2024-10-27,Lucía,Torres
296,2024-10-12,María,Torres
555,2024-10-26,María,Torres
731,2023-12-07,María,Torres
298,2024-07-22,Carlos,Torres
299,2023-05-24,Diego,Mendoza
300,2024-04-06,Diego,Mendoza
301,2024-01-03,Valeria,Flores
321,2023-05-01,Valeria,Flores
302,2023-05-20,Andrés,Mendoza
305,2024-12-28,Lucía,Huamán
1043,2025-04-10,Lucía,Huamán
307,2025-03-25,Sofía,Guzmán
524,2025-07-06,Sofía,Guzmán
589,2024-03-17,Sofía,Guzmán
1006,2025-04-12,Sofía,Guzmán
314,2024-07-09,Sofía,Mendoza
1011,2024-02-06,Sofía,Mendoza
315,2025-02-17,Luis,Rojas
317,2025-01-23,Elena,Sánchez
375,2023-04-16,Elena,Sánchez
495,2025-04-03,Elena,Sánchez
690,2023-01-08,Elena,Sánchez
893,2024-09-22,Elena,Sánchez
318,2023-09-11,Sofía,Torres
888,2025-03-15,Sofía,Torres
320,2025-04-16,Pedro,Vargas
322,2023-08-03,Lucía,Castro
465,2024-03-05,Lucía,Castro
534,2024-08-29,Lucía,Castro
568,2023-12-22,Lucía,Castro
896,2024-06-07,Lucía,Castro
323,2024-12-06,Pedro,Rojas
386,2025-01-17,Pedro,Rojas
855,2023-05-07,Pedro,Rojas
324,2024-09-16,Ana,Flores
329,2024-12-21,Camila,Mendoza
330,2023-10-01,Luis,Rojas
919,2024-07-17,Luis,Rojas
973,2024-09-02,Luis,Rojas
331,2025-07-10,Daniel,Guzmán
940,2023-03-26,Daniel,Guzmán
332,2023-05-19,Lucía,Flores
368,2023-01-02,Lucía,Flores
471,2024-06-01,Lucía,Flores
816,2024-03-19,Lucía,Flores
334,2025-06-06,Valeria,Vargas
643,2024-02-17,Valeria,Vargas
695,2024-10-17,Valeria,Vargas
696,2023-09-25,Valeria,Vargas
1120,2025-03-09,Valeria,Vargas
335,2025-06-05,Sofía,Flores
765,2023-06-06,Sofía,Flores
846,2023-04-19,Sofía,Flores
946,2025-06-18,Sofía,Flores
336,2024-12-29,Luis,Guzmán
337,2025-02-18,Andrés,Castro
994,2025-03-15,Andrés,Castro
338,2024-05-16,Jorge,Romero
596,2024-08-08,Jorge,Romero
851,2023-08-09,Jorge,Romero
339,2023-10-03,Camila,Salazar
340,2024-04-07,Sofía,Romero
463,2025-05-19,Sofía,Romero
1031,2024-10-31,Sofía,Romero
341,2025-06-20,Carlos,Huamán
396,2023-09-03,Carlos,Huamán
342,2024-06-11,Diego,Flores
701,2024-11-07,Diego,Flores
738,2024-03-15,Diego,Flores
754,2023-01-20,Diego,Flores
832,2024-02-27,Diego,Flores
1128,2024-08-11,Diego,Flores
343,2025-06-17,Pedro,Flores
461,2025-06-17,Pedro,Flores
879,2024-10-14,Pedro,Flores
1134,2024-03-29,Pedro,Flores
344,2024-05-14,Diego,Torres
346,2023-04-06,Valeria,Rojas
457,2025-07-11,Valeria,Rojas
576,2024-03-05,Valeria,Rojas
794,2023-04-06,Valeria,Rojas
997,2023-12-06,Valeria,Rojas
348,2025-05-20,Diego,Castro
775,2024-12-21,Diego,Castro
805,2024-09-18,Diego,Castro
350,2025-04-24,Elena,Sánchez
359,2023-07-27,Elena,Sánchez
367,2024-11-02,Elena,Sánchez
993,2023-06-22,Elena,Sánchez
351,2023-11-27,Luis,Rojas
1149,2023-07-07,Luis,Rojas
352,2024-07-14,Luis,Mendoza
353,2025-05-22,Diego,Mendoza
566,2023-04-17,Diego,Mendoza
813,2023-08-18,Diego,Mendoza
1019,2024-08-02,Diego,Mendoza
1091,2024-01-10,Diego,Mendoza
354,2025-07-04,Andrés,Torres
795,2023-07-07,Andrés,Torres
355,2023-02-17,Ana,Sánchez
761,2024-11-08,Ana,Sánchez
859,2024-07-20,Ana,Sánchez
356,2025-05-06,Diego,Mendoza
772,2023-04-19,Diego,Mendoza
920,2024-12-25,Diego,Mendoza
1069,2024-06-28,Diego,Mendoza
357,2025-05-28,Carlos,Salazar
669,2024-11-28,Carlos,Salazar
757,2024-01-11,Carlos,Salazar
764,2024-07-14,Carlos,Salazar
360,2023-05-16,Jorge,Castro
510,2023-07-11,Jorge,Castro
361,2023-06-12,Daniel,Sánchez
364,2025-07-14,Ana,Vargas
898,2023-02-18,Ana,Vargas
365,2024-02-10,María,Rojas
366,2024-12-17,Jorge,García
707,2024-12-31,Jorge,García
985,2024-08-17,Jorge,García
369,2023-05-16,María,Vargas
1004,2025-01-14,María,Vargas
1033,2024-06-13,María,Vargas
370,2024-11-27,Sofía,Guzmán
372,2025-05-30,Carlos,Flores
485,2023-04-03,Carlos,Flores
911,2024-01-22,Carlos,Flores
376,2023-11-03,María,Torres
514,2024-07-17,María,Torres
865,2023-11-26,María,Torres
1038,2023-05-23,María,Torres
1161,2025-07-07,María,Torres
381,2023-12-26,María,Romero
382,2025-02-05,Jorge,Guzmán
385,2023-05-24,Carlos,Salazar
528,2023-09-11,Carlos,Salazar
552,2023-12-11,Carlos,Salazar
579,2025-04-28,Carlos,Salazar
786,2025-04-12,Carlos,Salazar
1181,2025-01-08,Carlos,Salazar
390,2025-01-08,Diego,Flores
1058,2023-05-27,Diego,Flores
391,2024-12-08,Pedro,Torres
1155,2023-04-20,Pedro,Torres
392,2024-11-05,Miguel,Vargas
504,2025-04-29,Miguel,Vargas
394,2025-02-04,Sofía,Salazar
656,2024-03-28,Sofía,Salazar
698,2023-06-03,Sofía,Salazar
850,2023-05-04,Sofía,Salazar
398,2023-03-14,Carlos,Salazar
628,2023-09-22,Carlos,Salazar
399,2024-01-05,Camila,Vargas
422,2024-12-25,Camila,Vargas
633,2025-03-16,Camila,Vargas
779,2024-11-18,Camila,Vargas
1171,2024-11-21,Camila,Vargas
401,2024-03-06,Andrés,Guzmán
728,2025-07-03,Andrés,Guzmán
402,2023-06-26,Diego,Torres
626,2024-03-21,Diego,Torres
681,2023-01-10,Diego,Torres
1150,2025-07-20,Diego,Torres
404,2023-03-11,Andrés,Guzmán
414,2024-10-11,Andrés,Guzmán
500,2023-09-23,Andrés,Guzmán
634,2024-06-19,Andrés,Guzmán
1032,2024-10-31,Andrés,Guzmán
1138,2025-06-01,Andrés,Guzmán
405,2023-02-10,Camila,Castro
406,2025-03-19,Elena,Torres
531,2023-08-13,Elena,Torres
562,2024-08-09,Elena,Torres
415,2024-11-28,Carlos,Guzmán
878,2023-07-02,Carlos,Guzmán
929,2023-01-10,Carlos,Guzmán
416,2024-12-16,Lucía,Mendoza
419,2024-04-09,Valeria,Rojas
763,2024-03-02,Valeria,Rojas
880,2025-02-18,Valeria,Rojas
1139,2023-09-22,Valeria,Rojas
420,2023-11-13,Jorge,Huamán
433,2024-05-26,Jorge,Huamán
423,2023-06-17,Miguel,Vargas
971,2024-07-20,Miguel,Vargas
424,2024-06-19,Diego,Castro
930,2024-04-01,Diego,Castro
1126,2025-04-15,Diego,Castro
425,2025-01-08,Lucía,Guzmán
498,2024-02-15,Lucía,Guzmán
599,2024-11-08,Lucía,Guzmán
627,2024-10-04,Lucía,Guzmán
657,2024-02-21,Lucía,Guzmán
426,2023-05-10,Pedro,Sánchez
670,2024-05-15,Pedro,Sánchez
719,2023-09-24,Pedro,Sánchez
429,2025-04-06,Diego,Salazar
462,2023-01-02,Diego,Salazar
1194,2023-09-24,Diego,Salazar
430,2023-03-07,Luis,García
431,2024-08-13,Daniel,Huamán
900,2024-12-02,Daniel,Huamán
1119,2023-06-11,Daniel,Huamán
434,2024-01-12,Pedro,Rojas
569,2024-10-13,Pedro,Rojas
624,2023-08-05,Pedro,Rojas
747,2023-03-08,Pedro,Rojas
941,2025-03-02,Pedro,Rojas
435,2023-04-16,Valeria,Huamán
1012,2024-08-26,Valeria,Huamán
436,2025-01-10,Andrés,Rojas
437,2024-06-05,Lucía,Flores
713,2023-09-22,Lucía,Flores
439,2024-04-28,Daniel,Romero
449,2024-02-15,Daniel,Romero
442,2025-07-24,Sofía,Vargas
1078,2025-01-29,Sofía,Vargas
443,2024-03-05,Camila,Castro
716,2023-04-02,Camila,Castro
987,2023-08-29,Camila,Castro
444,2024-03-02,Ana,Torres
573,2024-12-10,Ana,Torres
665,2023-02-03,Ana,Torres
744,2023-08-20,Ana,Torres
817,2024-05-08,Ana,Torres
446,2024-01-17,Daniel,Flores
706,2025-04-15,Daniel,Flores
448,2025-04-03,María,Torres
558,2024-11-12,María,Torres
717,2025-02-01,María,Torres
450,2025-06-05,María,Castro
688,2023-11-06,María,Castro
451,2023-11-15,Miguel,Romero
452,2024-04-12,Daniel,Romero
593,2025-01-09,Daniel,Romero
614,2023-03-04,Daniel,Romero
454,2025-01-27,Pedro,Huamán
460,2023-12-21,María,Guzmán
540,2023-11-13,María,Guzmán
468,2025-05-15,María,Sánchez
587,2023-04-06,María,Sánchez
648,2024-01-17,María,Sánchez
939,2024-10-29,María,Sánchez
472,2024-02-08,Luis,Torres
615,2024-06-19,Luis,Torres
1112,2023-06-29,Luis,Torres
477,2023-12-01,Diego,Castro
479,2023-05-20,Miguel,Flores
482,2023-05-04,Camila,Castro
486,2023-11-08,Daniel,Guzmán
581,2023-08-19,Daniel,Guzmán
766,2024-10-07,Daniel,Guzmán
488,2025-05-27,Carlos,Guzmán
979,2023-09-16,Carlos,Guzmán
489,2024-12-29,Ana,Rojas
605,2024-10-19,Ana,Rojas
1105,2025-04-23,Ana,Rojas
490,2024-02-10,Daniel,Salazar
491,2023-11-03,Valeria,Rojas
743,2023-01-05,Valeria,Rojas
818,2024-10-18,Valeria,Rojas
1141,2024-12-19,Valeria,Rojas
496,2023-01-13,Elena,Salazar
505,2023-02-13,Elena,Salazar
1197,2023-12-26,Elena,Salazar
497,2023-08-16,Luis,Huamán
782,2024-06-07,Luis,Huamán
903,2025-05-31,Luis,Huamán
501,2023-01-23,Sofía,Flores
502,2025-07-13,Daniel,Rojas
503,2023-05-12,Andrés,Castro
539,2025-06-21,Andrés,Castro
506,2023-06-22,Ana,Guzmán
516,2023-07-24,Jorge,Sánchez
704,2024-02-19,Jorge,Sánchez
1066,2025-04-26,Jorge,Sánchez
1177,2024-12-18,Jorge,Sánchez
519,2025-03-11,Miguel,Flores
1183,2023-07-20,Miguel,Flores
521,2025-07-23,Sofía,Huamán
612,2025-04-07,Sofía,Huamán
640,2025-06-17,Sofía,Huamán
745,2023-11-16,Sofía,Huamán
976,2023-08-05,Sofía,Huamán
1036,2024-05-13,Sofía,Huamán
526,2024-06-26,Daniel,Vargas
1010,2024-10-31,Daniel,Vargas
1175,2024-09-19,Daniel,Vargas
535,2024-12-15,Luis,Salazar
1151,2023-07-24,Luis,Salazar
536,2023-01-29,Miguel,Romero
541,2023-04-03,Jorge,Flores
645,2024-02-10,Jorge,Flores
542,2023-08-13,Daniel,Mendoza
564,2023-11-22,Daniel,Mendoza
907,2023-07-21,Daniel,Mendoza
549,2025-05-16,Daniel,Guzmán
780,2025-05-05,Daniel,Guzmán
550,2023-03-16,Daniel,Salazar
992,2025-04-07,Daniel,Salazar
1178,2025-05-24,Daniel,Salazar
551,2024-11-09,Andrés,Castro
801,2025-05-14,Andrés,Castro
553,2023-06-11,María,Mendoza
561,2023-01-02,Sofía,Salazar
563,2024-08-04,Lucía,Sánchez
567,2023-12-06,Ana,Torres
972,2023-05-07,Ana,Torres
571,2025-01-16,Elena,Sánchez
759,2023-09-19,Elena,Sánchez
574,2025-03-16,Andrés,Flores
1196,2023-12-19,Andrés,Flores
575,2023-02-19,Carlos,Torres
577,2024-02-28,Sofía,Flores
583,2023-01-21,Ana,Torres
712,2023-04-10,Ana,Torres
926,2023-08-12,Ana,Torres
584,2023-04-18,Valeria,Rojas
697,2025-07-02,Valeria,Rojas
585,2025-06-28,Camila,Rojas
792,2023-12-03,Camila,Rojas
1057,2023-08-13,Camila,Rojas
591,2023-02-24,Pedro,Guzmán
1041,2024-01-06,Pedro,Guzmán
595,2023-09-01,Sofía,Guzmán
725,2024-02-28,Sofía,Guzmán
748,2023-10-25,Sofía,Guzmán
607,2023-07-11,Pedro,Castro
609,2025-05-07,Valeria,Rojas
678,2024-11-24,Valeria,Rojas
611,2023-04-10,Sofía,Romero
882,2024-12-28,Sofía,Romero
621,2024-08-08,Elena,Huamán
798,2024-03-07,Elena,Huamán
625,2023-02-13,Valeria,Guzmán
631,2023-11-30,Jorge,Huamán
672,2023-12-25,Jorge,Huamán
901,2023-02-25,Jorge,Huamán
632,2024-04-14,Carlos,Torres
749,2024-09-02,Carlos,Torres
768,2023-10-04,Carlos,Torres
1086,2023-01-08,Carlos,Torres
1110,2023-10-21,Carlos,Torres
642,2024-04-29,Luis,Guzmán
644,2024-11-28,Luis,Guzmán
684,2025-04-04,Luis,Guzmán
773,2023-07-24,Luis,Guzmán
646,2024-12-08,Diego,Flores
950,2023-02-08,Diego,Flores
986,2024-01-01,Diego,Flores
652,2023-08-22,María,Rojas
724,2024-11-28,María,Rojas
654,2023-11-25,Daniel,Huamán
689,2024-09-30,Daniel,Huamán
655,2024-09-11,Camila,García
802,2025-07-22,Camila,García
658,2024-06-12,María,Romero
790,2025-06-30,María,Romero
660,2023-03-09,Valeria,Romero
661,2024-02-18,Miguel,Mendoza
663,2023-06-27,Miguel,Huamán
675,2024-01-31,Miguel,Huamán
664,2023-07-25,Daniel,Guzmán
742,2024-06-27,Daniel,Guzmán
1144,2023-09-27,Daniel,Guzmán
667,2024-01-13,Miguel,Torres
868,2024-02-12,Miguel,Torres
1029,2025-05-04,Miguel,Torres
1162,2024-05-17,Miguel,Torres
668,2024-02-11,Pedro,García
674,2024-12-06,Camila,García
774,2024-06-19,Camila,García
677,2025-05-27,Luis,Vargas
679,2024-02-24,Lucía,García
687,2024-04-15,Elena,Torres
924,2023-08-15,Elena,Torres
691,2025-05-13,Miguel,Flores
925,2023-12-06,Miguel,Flores
692,2024-10-24,María,Guzmán
836,2023-07-31,María,Guzmán
928,2025-04-23,María,Guzmán
693,2023-11-02,Elena,García
694,2023-03-07,Diego,Torres
778,2023-12-05,Diego,Torres
705,2024-08-20,Sofía,Flores
709,2024-11-18,Sofía,Guzmán
1008,2023-02-07,Sofía,Guzmán
715,2024-11-27,Miguel,Sánchez
1055,2023-03-29,Miguel,Sánchez
718,2025-03-18,María,Torres
767,2024-11-08,María,Torres
721,2025-06-06,Carlos,Rojas
838,2025-04-16,Carlos,Rojas
951,2023-07-02,Carlos,Rojas
722,2024-09-27,Camila,Torres
1172,2023-04-14,Camila,Torres
730,2023-07-04,María,Romero
733,2024-04-07,María,Sánchez
914,2023-12-05,María,Sánchez
1084,2024-12-27,María,Sánchez
735,2023-06-12,Miguel,Flores
1163,2025-07-26,Miguel,Flores
741,2025-07-02,Diego,Guzmán
758,2023-02-08,Jorge,Castro
834,2024-09-10,Jorge,Castro
1025,2024-01-05,Jorge,Castro
760,2023-02-19,María,Huamán
770,2023-04-18,Ana,García
771,2023-05-01,Daniel,Vargas
927,2024-06-27,Daniel,Vargas
776,2023-02-10,Carlos,Torres
913,2024-08-21,Carlos,Torres
978,2023-07-08,Carlos,Torres
784,2023-08-25,Daniel,Guzmán
787,2025-05-22,Diego,Vargas
1027,2024-10-26,Diego,Vargas
791,2023-05-22,Camila,Flores
981,2023-02-25,Camila,Flores
793,2024-09-28,Andrés,Romero
963,2024-01-26,Andrés,Romero
1113,2023-01-11,Andrés,Romero
796,2024-04-12,Camila,Rojas
797,2024-12-07,Sofía,Mendoza
804,2024-09-17,Valeria,Guzmán
980,2024-11-18,Valeria,Guzmán
814,2025-06-13,Ana,Flores
1024,2023-07-31,Ana,Flores
1121,2024-02-09,Ana,Flores
815,2024-12-05,María,Torres
1074,2024-03-06,María,Torres
820,2023-02-25,Pedro,Salazar
1173,2025-06-01,Pedro,Salazar
822,2025-05-22,Luis,Vargas
825,2023-02-21,Jorge,Mendoza
912,2024-07-23,Jorge,Mendoza
828,2025-03-31,Pedro,Castro
830,2023-05-02,Camila,Torres
1142,2024-02-27,Camila,Torres
1160,2024-05-19,Camila,Torres
843,2023-01-03,Ana,Sánchez
844,2024-10-10,Andrés,Guzmán
904,2023-08-19,Andrés,Guzmán
848,2025-01-30,Lucía,Sánchez
852,2023-07-15,María,Salazar
853,2025-02-14,Sofía,Salazar
1064,2023-01-17,Sofía,Salazar
856,2024-04-13,Daniel,Mendoza
1179,2023-07-04,Daniel,Mendoza
858,2023-01-05,Jorge,Torres
1186,2023-05-18,Jorge,Torres
861,2025-03-10,Pedro,Rojas
1101,2024-02-15,Pedro,Rojas
869,2023-10-29,Ana,Mendoza
885,2023-01-14,Miguel,Mendoza
886,2024-01-26,Ana,Vargas
895,2024-10-24,Jorge,Mendoza
910,2023-06-27,Andrés,Rojas
918,2023-11-05,Sofía,Romero
964,2023-02-01,Sofía,Romero
931,2024-09-20,Diego,Rojas
957,2025-01-07,Diego,Rojas
945,2023-07-30,Valeria,Rojas
949,2023-01-25,Elena,Vargas
953,2025-07-21,Daniel,Guzmán
966,2025-03-26,Miguel,Rojas
974,2023-03-29,Pedro,Vargas
1174,2023-09-27,Pedro,Vargas
975,2025-01-29,Ana,Salazar
989,2024-05-12,Camila,Rojas
990,2024-11-06,María,Mendoza
996,2024-01-04,Lucía,Rojas
1001,2023-10-15,Lucía,Rojas
999,2024-05-13,Daniel,Torres
1005,2025-05-19,Ana,Flores
1007,2025-02-26,Diego,Guzmán
1035,2023-12-28,Diego,Guzmán
1052,2024-09-05,Diego,Guzmán
1014,2023-04-03,Carlos,Castro
1116,2024-06-12,Carlos,Castro
1023,2024-01-14,Daniel,Mendoza
1030,2024-07-11,Miguel,García
1037,2024-09-10,Elena,Torres
1049,2023-02-10,Sofía,Romero
1050,2023-02-27,María,Guzmán
1056,2024-04-27,Lucía,Salazar
1127,2023-07-19,Lucía,Salazar
1060,2024-06-07,Andrés,Castro
1067,2023-07-01,Pedro,Salazar
1071,2025-07-12,Jorge,Huamán
1077,2024-01-26,Jorge,Vargas
1097,2024-02-12,Carlos,Salazar
1104,2024-10-13,Ana,Salazar
1108,2024-09-15,Elena,Mendoza
1156,2024-11-23,Elena,Mendoza
1115,2023-02-04,Daniel,Torres
1133,2025-03-23,Luis,Castro
1192,2023-09-18,Luis,Castro
1140,2025-03-18,Miguel,García
1143,2024-07-02,Daniel,Torres
1147,2023-07-02,María,Vargas
1148,2023-08-12,Luis,Huamán
1164,2023-08-16,Sofía,Torres
1165,2023-02-25,Camila,Sánchez
1182,2024-07-22,Daniel,Huamán
1185,2023-01-10,Jorge,Mendoza
1188,2023-11-20,Carlos,García
1191,2023-06-17,Elena,Guzmán
