category_id,total_productos
1,9
2,16
3,12
4,13
5,17
6,15
7,8
8,10
