status,total_pedidos
PAID,621
SHIPPED,403
PENDING,121
CANCELLED,55
