category_name,promedio_precio
Electr√≥nica,266.92333333333335
Hogar,259.27500000000003
Deportes,287.3275
Ropa,274.7353846153846
Juguetes,307.2923529411765
Libros,241.53933333333333
Belleza,310.4375
Alimentos,197.58499999999998
