product_id,total_vendido,product_name
39,123,Producto 039
19,111,Producto 019
63,104,Producto 063
