customer_id,first_name,last_name,total_gastado
207,Diego,Flores,11801.44
235,Jorge,Mendoza,10424.279999999999
68,Valeria,Castro,10180.529999999999
90,Luis,Castro,9634.130000000001
197,Valeria,Salazar,9029.01
