customer_id,first_name,last_name,gasto_promedio,pedidos
358,Jorge,Romero,4646.55,1
384,Ana,Salazar,4435.81,1
405,Mar√≠a,Salazar,4090.84,1
