product_id,product_name,list_price
20,Producto 020,498.68
