customer_id,nombre_completo,email
1,CARLOS TORRES,carlos.torres.1@example.com
2,ANDRÉS CASTRO,andrés.castro.2@example.com
3,MARÍA SÁNCHEZ,maría.sánchez.3@example.com
4,MARÍA SALAZAR,maría.salazar.4@example.com
5,SOFÍA VARGAS,sofía.vargas.5@example.com
6,MIGUEL VARGAS,miguel.vargas.6@example.com
7,CAMILA VARGAS,camila.vargas.7@example.com
8,DIEGO GUZMÁN,diego.guzmán.8@example.com
9,ANDRÉS GUZMÁN,andrés.guzmán.9@example.com
10,ANA FLORES,ana.flores.10@example.com
11,SOFÍA VARGAS,sofía.vargas.11@example.com
12,CARLOS TORRES,carlos.torres.12@example.com
13,ANA VARGAS,ana.vargas.13@example.com
14,DANIEL VARGAS,daniel.vargas.14@example.com
15,MIGUEL HUAMÁN,miguel.huamán.15@example.com
16,SOFÍA GUZMÁN,sofía.guzmán.16@example.com
17,DANIEL VARGAS,daniel.vargas.17@example.com
18,MIGUEL HUAMÁN,miguel.huamán.18@example.com
19,SOFÍA FLORES,sofía.flores.19@example.com
20,JORGE FLORES,jorge.flores.20@example.com
21,DIEGO VARGAS,diego.vargas.21@example.com
22,LUIS ROJAS,luis.rojas.22@example.com
23,ELENA GARCÍA,elena.garcía.23@example.com
24,DANIEL ROMERO,daniel.romero.24@example.com
25,ANA SÁNCHEZ,ana.sánchez.25@example.com
26,ANA GUZMÁN,ana.guzmán.26@example.com
27,MARÍA ROJAS,maría.rojas.27@example.com
28,CARLOS ROJAS,carlos.rojas.28@example.com
29,JORGE HUAMÁN,jorge.huamán.29@example.com
30,CAMILA HUAMÁN,camila.huamán.30@example.com
31,PEDRO GARCÍA,pedro.garcía.31@example.com
32,DANIEL VARGAS,daniel.vargas.32@example.com
33,CARLOS ROMERO,carlos.romero.33@example.com
34,VALERIA TORRES,valeria.torres.34@example.com
35,PEDRO GARCÍA,pedro.garcía.35@example.com
36,SOFÍA MENDOZA,sofía.mendoza.36@example.com
37,ELENA MENDOZA,elena.mendoza.37@example.com
38,CAMILA VARGAS,camila.vargas.38@example.com
39,SOFÍA FLORES,sofía.flores.39@example.com
40,MARÍA VARGAS,maría.vargas.40@example.com
41,ELENA MENDOZA,elena.mendoza.41@example.com
42,DIEGO CASTRO,diego.castro.42@example.com
43,SOFÍA SALAZAR,sofía.salazar.43@example.com
44,CAMILA SÁNCHEZ,camila.sánchez.44@example.com
45,ANDRÉS ROJAS,andrés.rojas.45@example.com
46,MIGUEL GUZMÁN,miguel.guzmán.46@example.com
47,ANA ROJAS,ana.rojas.47@example.com
48,MIGUEL SÁNCHEZ,miguel.sánchez.48@example.com
49,LUCÍA FLORES,lucía.flores.49@example.com
50,PEDRO SALAZAR,pedro.salazar.50@example.com
51,ANA CASTRO,ana.castro.51@example.com
52,CARLOS SALAZAR,carlos.salazar.52@example.com
53,ELENA SÁNCHEZ,elena.sánchez.53@example.com
54,VALERIA ROJAS,valeria.rojas.54@example.com
55,ANA ROMERO,ana.romero.55@example.com
56,SOFÍA SALAZAR,sofía.salazar.56@example.com
57,DANIEL GUZMÁN,daniel.guzmán.57@example.com
58,ELENA CASTRO,elena.castro.58@example.com
59,VALERIA CASTRO,valeria.castro.59@example.com
60,VALERIA ROJAS,valeria.rojas.60@example.com
61,LUCÍA SÁNCHEZ,lucía.sánchez.61@example.com
62,CARLOS FLORES,carlos.flores.62@example.com
63,ELENA SALAZAR,elena.salazar.63@example.com
64,CARLOS SALAZAR,carlos.salazar.64@example.com
65,VALERIA GUZMÁN,valeria.guzmán.65@example.com
66,CAMILA SÁNCHEZ,camila.sánchez.66@example.com
67,JORGE HUAMÁN,jorge.huamán.67@example.com
68,VALERIA CASTRO,valeria.castro.68@example.com
69,ANA GARCÍA,ana.garcía.69@example.com
70,MARÍA MENDOZA,maría.mendoza.70@example.com
71,CAMILA GARCÍA,camila.garcía.71@example.com
72,MIGUEL ROJAS,miguel.rojas.72@example.com
73,ANA TORRES,ana.torres.73@example.com
74,CAMILA ROMERO,camila.romero.74@example.com
75,LUIS GUZMÁN,luis.guzmán.75@example.com
76,MARÍA GUZMÁN,maría.guzmán.76@example.com
77,CARLOS ROMERO,carlos.romero.77@example.com
78,PEDRO GUZMÁN,pedro.guzmán.78@example.com
79,ELENA VARGAS,elena.vargas.79@example.com
80,MIGUEL TORRES,miguel.torres.80@example.com
81,PEDRO GUZMÁN,pedro.guzmán.81@example.com
82,VALERIA ROMERO,valeria.romero.82@example.com
83,CARLOS TORRES,carlos.torres.83@example.com
84,CARLOS HUAMÁN,carlos.huamán.84@example.com
85,ANA VARGAS,ana.vargas.85@example.com
86,PEDRO ROJAS,pedro.rojas.86@example.com
87,CARLOS TORRES,carlos.torres.87@example.com
88,CAMILA ROJAS,camila.rojas.88@example.com
89,CARLOS TORRES,carlos.torres.89@example.com
90,LUIS CASTRO,luis.castro.90@example.com
91,MARÍA TORRES,maría.torres.91@example.com
92,ANA HUAMÁN,ana.huamán.92@example.com
93,VALERIA GUZMÁN,valeria.guzmán.93@example.com
94,LUIS ROJAS,luis.rojas.94@example.com
95,SOFÍA TORRES,sofía.torres.95@example.com
96,LUIS GUZMÁN,luis.guzmán.96@example.com
97,SOFÍA SALAZAR,sofía.salazar.97@example.com
98,LUCÍA GARCÍA,lucía.garcía.98@example.com
99,DANIEL GUZMÁN,daniel.guzmán.99@example.com
100,DANIEL TORRES,daniel.torres.100@example.com
101,DIEGO HUAMÁN,diego.huamán.101@example.com
102,DANIEL ROJAS,daniel.rojas.102@example.com
103,PEDRO VARGAS,pedro.vargas.103@example.com
104,MIGUEL FLORES,miguel.flores.104@example.com
105,JORGE MENDOZA,jorge.mendoza.105@example.com
106,MARÍA FLORES,maría.flores.106@example.com
107,MIGUEL TORRES,miguel.torres.107@example.com
108,DIEGO CASTRO,diego.castro.108@example.com
109,LUIS FLORES,luis.flores.109@example.com
110,LUIS VARGAS,luis.vargas.110@example.com
111,CAMILA CASTRO,camila.castro.111@example.com
112,ANA SÁNCHEZ,ana.sánchez.112@example.com
113,DIEGO ROJAS,diego.rojas.113@example.com
114,ANA SÁNCHEZ,ana.sánchez.114@example.com
115,MARÍA TORRES,maría.torres.115@example.com
116,VALERIA ROJAS,valeria.rojas.116@example.com
117,DANIEL GUZMÁN,daniel.guzmán.117@example.com
118,MARÍA TORRES,maría.torres.118@example.com
119,SOFÍA ROMERO,sofía.romero.119@example.com
120,ANDRÉS ROMERO,andrés.romero.120@example.com
121,DANIEL HUAMÁN,daniel.huamán.121@example.com
122,LUCÍA CASTRO,lucía.castro.122@example.com
123,CAMILA ROJAS,camila.rojas.123@example.com
124,MIGUEL CASTRO,miguel.castro.124@example.com
125,CARLOS GUZMÁN,carlos.guzmán.125@example.com
126,LUIS TORRES,luis.torres.126@example.com
127,ANDRÉS CASTRO,andrés.castro.127@example.com
128,ANA TORRES,ana.torres.128@example.com
129,PEDRO GUZMÁN,pedro.guzmán.129@example.com
130,MARÍA ROJAS,maría.rojas.130@example.com
131,JORGE CASTRO,jorge.castro.131@example.com
132,ANDRÉS FLORES,andrés.flores.132@example.com
133,CARLOS GUZMÁN,carlos.guzmán.133@example.com
134,CAMILA VARGAS,camila.vargas.134@example.com
135,VALERIA ROJAS,valeria.rojas.135@example.com
136,DANIEL MENDOZA,daniel.mendoza.136@example.com
137,ANA HUAMÁN,ana.huamán.137@example.com
138,LUIS ROJAS,luis.rojas.138@example.com
139,ANDRÉS ROJAS,andrés.rojas.139@example.com
140,MARÍA VARGAS,maría.vargas.140@example.com
141,MIGUEL TORRES,miguel.torres.141@example.com
142,VALERIA VARGAS,valeria.vargas.142@example.com
143,JORGE MENDOZA,jorge.mendoza.143@example.com
144,DANIEL SALAZAR,daniel.salazar.144@example.com
145,ELENA GARCÍA,elena.garcía.145@example.com
146,DANIEL MENDOZA,daniel.mendoza.146@example.com
147,VALERIA ROMERO,valeria.romero.147@example.com
148,DIEGO MENDOZA,diego.mendoza.148@example.com
149,MARÍA SALAZAR,maría.salazar.149@example.com
150,ANA GARCÍA,ana.garcía.150@example.com
151,ANA TORRES,ana.torres.151@example.com
152,SOFÍA HUAMÁN,sofía.huamán.152@example.com
153,SOFÍA GUZMÁN,sofía.guzmán.153@example.com
154,MARÍA ROMERO,maría.romero.154@example.com
155,DANIEL SÁNCHEZ,daniel.sánchez.155@example.com
156,PEDRO HUAMÁN,pedro.huamán.156@example.com
157,DANIEL TORRES,daniel.torres.157@example.com
158,DANIEL GARCÍA,daniel.garcía.158@example.com
159,LUCÍA MENDOZA,lucía.mendoza.159@example.com
160,MIGUEL FLORES,miguel.flores.160@example.com
161,SOFÍA SALAZAR,sofía.salazar.161@example.com
162,CAMILA TORRES,camila.torres.162@example.com
163,CAMILA ROJAS,camila.rojas.163@example.com
164,SOFÍA GUZMÁN,sofía.guzmán.164@example.com
165,LUCÍA SALAZAR,lucía.salazar.165@example.com
166,CAMILA MENDOZA,camila.mendoza.166@example.com
167,ANA GUZMÁN,ana.guzmán.167@example.com
168,PEDRO SALAZAR,pedro.salazar.168@example.com
169,ANDRÉS TORRES,andrés.torres.169@example.com
170,DIEGO FLORES,diego.flores.170@example.com
171,CARLOS GUZMÁN,carlos.guzmán.171@example.com
172,DIEGO SALAZAR,diego.salazar.172@example.com
173,LUIS MENDOZA,luis.mendoza.173@example.com
174,DIEGO ROJAS,diego.rojas.174@example.com
175,JORGE SALAZAR,jorge.salazar.175@example.com
176,ANDRÉS TORRES,andrés.torres.176@example.com
177,SOFÍA HUAMÁN,sofía.huamán.177@example.com
178,DIEGO CASTRO,diego.castro.178@example.com
179,ELENA TORRES,elena.torres.179@example.com
180,ANDRÉS ROJAS,andrés.rojas.180@example.com
181,CAMILA FLORES,camila.flores.181@example.com
182,LUIS HUAMÁN,luis.huamán.182@example.com
183,DANIEL SALAZAR,daniel.salazar.183@example.com
184,DIEGO CASTRO,diego.castro.184@example.com
185,DIEGO VARGAS,diego.vargas.185@example.com
186,ELENA ROMERO,elena.romero.186@example.com
187,DANIEL SALAZAR,daniel.salazar.187@example.com
188,SOFÍA MENDOZA,sofía.mendoza.188@example.com
189,DANIEL SÁNCHEZ,daniel.sánchez.189@example.com
190,PEDRO CASTRO,pedro.castro.190@example.com
191,PEDRO SÁNCHEZ,pedro.sánchez.191@example.com
192,CAMILA ROJAS,camila.rojas.192@example.com
193,SOFÍA ROMERO,sofía.romero.193@example.com
194,ANA TORRES,ana.torres.194@example.com
195,LUIS SÁNCHEZ,luis.sánchez.195@example.com
196,MIGUEL FLORES,miguel.flores.196@example.com
197,VALERIA SALAZAR,valeria.salazar.197@example.com
198,SOFÍA MENDOZA,sofía.mendoza.198@example.com
199,MIGUEL GUZMÁN,miguel.guzmán.199@example.com
200,ANA SALAZAR,ana.salazar.200@example.com
201,MIGUEL ROJAS,miguel.rojas.201@example.com
202,JORGE ROMERO,jorge.romero.202@example.com
203,ANDRÉS MENDOZA,andrés.mendoza.203@example.com
204,SOFÍA TORRES,sofía.torres.204@example.com
205,CAMILA ROJAS,camila.rojas.205@example.com
206,CARLOS MENDOZA,carlos.mendoza.206@example.com
207,DIEGO FLORES,diego.flores.207@example.com
208,DIEGO GUZMÁN,diego.guzmán.208@example.com
209,CAMILA CASTRO,camila.castro.209@example.com
210,CARLOS SÁNCHEZ,carlos.sánchez.210@example.com
211,MARÍA GUZMÁN,maría.guzmán.211@example.com
212,CAMILA HUAMÁN,camila.huamán.212@example.com
213,LUCÍA HUAMÁN,lucía.huamán.213@example.com
214,CAMILA GARCÍA,camila.garcía.214@example.com
215,JORGE SÁNCHEZ,jorge.sánchez.215@example.com
216,MARÍA TORRES,maría.torres.216@example.com
217,VALERIA VARGAS,valeria.vargas.217@example.com
218,LUIS ROJAS,luis.rojas.218@example.com
219,JORGE CASTRO,jorge.castro.219@example.com
220,ELENA SÁNCHEZ,elena.sánchez.220@example.com
221,DIEGO MENDOZA,diego.mendoza.221@example.com
222,DANIEL GARCÍA,daniel.garcía.222@example.com
223,CAMILA VARGAS,camila.vargas.223@example.com
224,LUIS ROJAS,luis.rojas.224@example.com
225,ANDRÉS ROMERO,andrés.romero.225@example.com
226,MARÍA ROMERO,maría.romero.226@example.com
227,PEDRO MENDOZA,pedro.mendoza.227@example.com
228,PEDRO CASTRO,pedro.castro.228@example.com
229,ELENA GUZMÁN,elena.guzmán.229@example.com
230,DIEGO SALAZAR,diego.salazar.230@example.com
231,DANIEL MENDOZA,daniel.mendoza.231@example.com
232,MIGUEL SÁNCHEZ,miguel.sánchez.232@example.com
233,CAMILA ROJAS,camila.rojas.233@example.com
234,VALERIA ROMERO,valeria.romero.234@example.com
235,JORGE MENDOZA,jorge.mendoza.235@example.com
236,MARÍA MENDOZA,maría.mendoza.236@example.com
237,LUIS ROMERO,luis.romero.237@example.com
238,LUIS SALAZAR,luis.salazar.238@example.com
239,MARÍA CASTRO,maría.castro.239@example.com
240,ELENA CASTRO,elena.castro.240@example.com
241,LUIS VARGAS,luis.vargas.241@example.com
242,DANIEL VARGAS,daniel.vargas.242@example.com
243,PEDRO TORRES,pedro.torres.243@example.com
244,PEDRO CASTRO,pedro.castro.244@example.com
245,DANIEL ROJAS,daniel.rojas.245@example.com
246,LUIS FLORES,luis.flores.246@example.com
247,DIEGO TORRES,diego.torres.247@example.com
248,SOFÍA CASTRO,sofía.castro.248@example.com
249,ANDRÉS MENDOZA,andrés.mendoza.249@example.com
250,MARÍA TORRES,maría.torres.250@example.com
251,JORGE FLORES,jorge.flores.251@example.com
252,CAMILA HUAMÁN,camila.huamán.252@example.com
253,MARÍA SALAZAR,maría.salazar.253@example.com
254,VALERIA CASTRO,valeria.castro.254@example.com
255,SOFÍA ROJAS,sofía.rojas.255@example.com
256,JORGE TORRES,jorge.torres.256@example.com
257,PEDRO GUZMÁN,pedro.guzmán.257@example.com
258,ANA HUAMÁN,ana.huamán.258@example.com
259,PEDRO GARCÍA,pedro.garcía.259@example.com
260,MIGUEL MENDOZA,miguel.mendoza.260@example.com
261,PEDRO ROJAS,pedro.rojas.261@example.com
262,CARLOS CASTRO,carlos.castro.262@example.com
263,SOFÍA ROMERO,sofía.romero.263@example.com
264,DANIEL GUZMÁN,daniel.guzmán.264@example.com
265,DANIEL TORRES,daniel.torres.265@example.com
266,SOFÍA GUZMÁN,sofía.guzmán.266@example.com
267,CARLOS TORRES,carlos.torres.267@example.com
268,MARÍA TORRES,maría.torres.268@example.com
269,LUIS GARCÍA,luis.garcía.269@example.com
270,SOFÍA HUAMÁN,sofía.huamán.270@example.com
271,ELENA SALAZAR,elena.salazar.271@example.com
272,ELENA MENDOZA,elena.mendoza.272@example.com
273,SOFÍA SALAZAR,sofía.salazar.273@example.com
274,ANA ROJAS,ana.rojas.274@example.com
275,JORGE GUZMÁN,jorge.guzmán.275@example.com
276,SOFÍA SALAZAR,sofía.salazar.276@example.com
277,LUIS VARGAS,luis.vargas.277@example.com
278,MARÍA GUZMÁN,maría.guzmán.278@example.com
279,VALERIA FLORES,valeria.flores.279@example.com
280,CAMILA ROMERO,camila.romero.280@example.com
281,PEDRO VARGAS,pedro.vargas.281@example.com
282,CAMILA TORRES,camila.torres.282@example.com
283,JORGE HUAMÁN,jorge.huamán.283@example.com
284,DANIEL ROMERO,daniel.romero.284@example.com
285,DIEGO FLORES,diego.flores.285@example.com
286,CAMILA MENDOZA,camila.mendoza.286@example.com
287,LUIS HUAMÁN,luis.huamán.287@example.com
288,MARÍA GUZMÁN,maría.guzmán.288@example.com
289,DIEGO MENDOZA,diego.mendoza.289@example.com
290,DIEGO MENDOZA,diego.mendoza.290@example.com
291,DIEGO GUZMÁN,diego.guzmán.291@example.com
292,ANDRÉS GUZMÁN,andrés.guzmán.292@example.com
293,DANIEL FLORES,daniel.flores.293@example.com
294,LUIS ROJAS,luis.rojas.294@example.com
295,LUCÍA TORRES,lucía.torres.295@example.com
296,ELENA ROMERO,elena.romero.296@example.com
297,MIGUEL GARCÍA,miguel.garcía.297@example.com
298,CAMILA TORRES,camila.torres.298@example.com
299,CAMILA ROMERO,camila.romero.299@example.com
300,PEDRO CASTRO,pedro.castro.300@example.com
301,ANDRÉS GUZMÁN,andrés.guzmán.301@example.com
302,PEDRO ROJAS,pedro.rojas.302@example.com
303,MIGUEL ROMERO,miguel.romero.303@example.com
304,LUIS CASTRO,luis.castro.304@example.com
305,CARLOS SALAZAR,carlos.salazar.305@example.com
306,ELENA CASTRO,elena.castro.306@example.com
307,JORGE TORRES,jorge.torres.307@example.com
308,DIEGO FLORES,diego.flores.308@example.com
309,DANIEL MENDOZA,daniel.mendoza.309@example.com
310,JORGE ROMERO,jorge.romero.310@example.com
311,LUCÍA SALAZAR,lucía.salazar.311@example.com
312,LUIS GUZMÁN,luis.guzmán.312@example.com
313,JORGE TORRES,jorge.torres.313@example.com
314,PEDRO SALAZAR,pedro.salazar.314@example.com
315,ELENA VARGAS,elena.vargas.315@example.com
316,MARÍA MENDOZA,maría.mendoza.316@example.com
317,DANIEL VARGAS,daniel.vargas.317@example.com
318,JORGE TORRES,jorge.torres.318@example.com
319,JORGE ROJAS,jorge.rojas.319@example.com
320,MARÍA HUAMÁN,maría.huamán.320@example.com
321,CAMILA ROMERO,camila.romero.321@example.com
322,JORGE GUZMÁN,jorge.guzmán.322@example.com
323,SOFÍA HUAMÁN,sofía.huamán.323@example.com
324,CAMILA SALAZAR,camila.salazar.324@example.com
325,MIGUEL GARCÍA,miguel.garcía.325@example.com
326,DANIEL SALAZAR,daniel.salazar.326@example.com
327,PEDRO TORRES,pedro.torres.327@example.com
328,ELENA SÁNCHEZ,elena.sánchez.328@example.com
329,DIEGO ROJAS,diego.rojas.329@example.com
330,DANIEL GUZMÁN,daniel.guzmán.330@example.com
331,DIEGO TORRES,diego.torres.331@example.com
332,ELENA VARGAS,elena.vargas.332@example.com
333,CARLOS GUZMÁN,carlos.guzmán.333@example.com
334,LUCÍA GARCÍA,lucía.garcía.334@example.com
335,JORGE CASTRO,jorge.castro.335@example.com
336,CAMILA CASTRO,camila.castro.336@example.com
337,LUIS HUAMÁN,luis.huamán.337@example.com
338,ANDRÉS CASTRO,andrés.castro.338@example.com
339,SOFÍA ROMERO,sofía.romero.339@example.com
340,MIGUEL FLORES,miguel.flores.340@example.com
341,ANA VARGAS,ana.vargas.341@example.com
342,SOFÍA ROMERO,sofía.romero.342@example.com
343,ANA FLORES,ana.flores.343@example.com
344,VALERIA MENDOZA,valeria.mendoza.344@example.com
345,MARÍA HUAMÁN,maría.huamán.345@example.com
346,ANDRÉS ROJAS,andrés.rojas.346@example.com
347,VALERIA ROJAS,valeria.rojas.347@example.com
348,ANA ROMERO,ana.romero.348@example.com
349,CARLOS HUAMÁN,carlos.huamán.349@example.com
350,DIEGO TORRES,diego.torres.350@example.com
351,LUIS GARCÍA,luis.garcía.351@example.com
352,DANIEL GUZMÁN,daniel.guzmán.352@example.com
353,LUIS ROJAS,luis.rojas.353@example.com
354,ELENA GUZMÁN,elena.guzmán.354@example.com
355,MARÍA TORRES,maría.torres.355@example.com
356,PEDRO FLORES,pedro.flores.356@example.com
357,SOFÍA HUAMÁN,sofía.huamán.357@example.com
358,JORGE ROMERO,jorge.romero.358@example.com
359,CAMILA ROJAS,camila.rojas.359@example.com
360,SOFÍA FLORES,sofía.flores.360@example.com
361,ANA FLORES,ana.flores.361@example.com
362,CARLOS SALAZAR,carlos.salazar.362@example.com
363,PEDRO SALAZAR,pedro.salazar.363@example.com
364,ANA FLORES,ana.flores.364@example.com
365,DANIEL HUAMÁN,daniel.huamán.365@example.com
366,MIGUEL MENDOZA,miguel.mendoza.366@example.com
367,MARÍA ROMERO,maría.romero.367@example.com
368,LUCÍA SÁNCHEZ,lucía.sánchez.368@example.com
369,CARLOS GARCÍA,carlos.garcía.369@example.com
370,ELENA VARGAS,elena.vargas.370@example.com
371,ANA MENDOZA,ana.mendoza.371@example.com
372,JORGE GARCÍA,jorge.garcía.372@example.com
373,LUIS FLORES,luis.flores.373@example.com
374,SOFÍA SALAZAR,sofía.salazar.374@example.com
375,SOFÍA FLORES,sofía.flores.375@example.com
376,VALERIA ROJAS,valeria.rojas.376@example.com
377,DIEGO CASTRO,diego.castro.377@example.com
378,LUIS SALAZAR,luis.salazar.378@example.com
379,SOFÍA GUZMÁN,sofía.guzmán.379@example.com
380,LUCÍA FLORES,lucía.flores.380@example.com
381,JORGE MENDOZA,jorge.mendoza.381@example.com
382,MIGUEL GUZMÁN,miguel.guzmán.382@example.com
383,VALERIA ROJAS,valeria.rojas.383@example.com
384,ANA SALAZAR,ana.salazar.384@example.com
385,SOFÍA TORRES,sofía.torres.385@example.com
386,DANIEL MENDOZA,daniel.mendoza.386@example.com
387,ELENA SALAZAR,elena.salazar.387@example.com
388,MARÍA GUZMÁN,maría.guzmán.388@example.com
389,MARÍA ROMERO,maría.romero.389@example.com
390,DANIEL FLORES,daniel.flores.390@example.com
391,PEDRO GARCÍA,pedro.garcía.391@example.com
392,MIGUEL FLORES,miguel.flores.392@example.com
393,DIEGO ROMERO,diego.romero.393@example.com
394,JORGE VARGAS,jorge.vargas.394@example.com
395,LUCÍA SÁNCHEZ,lucía.sánchez.395@example.com
396,VALERIA HUAMÁN,valeria.huamán.396@example.com
397,SOFÍA CASTRO,sofía.castro.397@example.com
398,DIEGO TORRES,diego.torres.398@example.com
399,PEDRO TORRES,pedro.torres.399@example.com
400,LUIS HUAMÁN,luis.huamán.400@example.com
401,MARÍA SALAZAR,maría.salazar.401@example.com
402,DIEGO MENDOZA,diego.mendoza.402@example.com
403,JORGE SALAZAR,jorge.salazar.403@example.com
404,ELENA TORRES,elena.torres.404@example.com
405,MARÍA SALAZAR,maría.salazar.405@example.com
406,JORGE CASTRO,jorge.castro.406@example.com
407,CARLOS HUAMÁN,carlos.huamán.407@example.com
408,MIGUEL GARCÍA,miguel.garcía.408@example.com
409,PEDRO FLORES,pedro.flores.409@example.com
410,ELENA HUAMÁN,elena.huamán.410@example.com
411,LUCÍA VARGAS,lucía.vargas.411@example.com
412,SOFÍA VARGAS,sofía.vargas.412@example.com
413,JORGE MENDOZA,jorge.mendoza.413@example.com
414,MIGUEL MENDOZA,miguel.mendoza.414@example.com
415,ANDRÉS CASTRO,andrés.castro.415@example.com
416,MARÍA VARGAS,maría.vargas.416@example.com
417,LUIS CASTRO,luis.castro.417@example.com
418,MARÍA HUAMÁN,maría.huamán.418@example.com
419,CARLOS FLORES,carlos.flores.419@example.com
420,LUIS TORRES,luis.torres.420@example.com
421,ELENA TORRES,elena.torres.421@example.com
422,LUCÍA GUZMÁN,lucía.guzmán.422@example.com
423,DANIEL HUAMÁN,daniel.huamán.423@example.com
424,DANIEL GUZMÁN,daniel.guzmán.424@example.com
425,ANDRÉS GUZMÁN,andrés.guzmán.425@example.com
426,CAMILA GARCÍA,camila.garcía.426@example.com
427,DANIEL GUZMÁN,daniel.guzmán.427@example.com
428,CARLOS GUZMÁN,carlos.guzmán.428@example.com
429,DANIEL GARCÍA,daniel.garcía.429@example.com
430,DANIEL CASTRO,daniel.castro.430@example.com
431,LUCÍA ROJAS,lucía.rojas.431@example.com
432,DIEGO MENDOZA,diego.mendoza.432@example.com
433,MIGUEL ROMERO,miguel.romero.433@example.com
434,MIGUEL VARGAS,miguel.vargas.434@example.com
435,CARLOS FLORES,carlos.flores.435@example.com
436,CAMILA SALAZAR,camila.salazar.436@example.com
437,CAMILA FLORES,camila.flores.437@example.com
438,DIEGO FLORES,diego.flores.438@example.com
439,CARLOS ROJAS,carlos.rojas.439@example.com
440,MIGUEL SÁNCHEZ,miguel.sánchez.440@example.com
441,ANA TORRES,ana.torres.441@example.com
442,PEDRO VARGAS,pedro.vargas.442@example.com
443,ANDRÉS HUAMÁN,andrés.huamán.443@example.com
444,VALERIA FLORES,valeria.flores.444@example.com
445,MARÍA ROJAS,maría.rojas.445@example.com
446,ANDRÉS TORRES,andrés.torres.446@example.com
447,LUIS VARGAS,luis.vargas.447@example.com
448,CARLOS GUZMÁN,carlos.guzmán.448@example.com
449,ANA TORRES,ana.torres.449@example.com
450,ANDRÉS MENDOZA,andrés.mendoza.450@example.com
451,ELENA GARCÍA,elena.garcía.451@example.com
452,MARÍA TORRES,maría.torres.452@example.com
453,SOFÍA FLORES,sofía.flores.453@example.com
454,ANA GUZMÁN,ana.guzmán.454@example.com
455,ELENA TORRES,elena.torres.455@example.com
456,ELENA ROJAS,elena.rojas.456@example.com
457,PEDRO MENDOZA,pedro.mendoza.457@example.com
458,LUIS VARGAS,luis.vargas.458@example.com
459,JORGE CASTRO,jorge.castro.459@example.com
460,MARÍA SÁNCHEZ,maría.sánchez.460@example.com
461,ANA GARCÍA,ana.garcía.461@example.com
462,VALERIA FLORES,valeria.flores.462@example.com
463,MIGUEL HUAMÁN,miguel.huamán.463@example.com
464,ANDRÉS GUZMÁN,andrés.guzmán.464@example.com
465,SOFÍA GUZMÁN,sofía.guzmán.465@example.com
466,JORGE CASTRO,jorge.castro.466@example.com
467,PEDRO TORRES,pedro.torres.467@example.com
468,ANA FLORES,ana.flores.468@example.com
469,LUIS VARGAS,luis.vargas.469@example.com
470,ANDRÉS SALAZAR,andrés.salazar.470@example.com
471,MIGUEL TORRES,miguel.torres.471@example.com
472,ANA GUZMÁN,ana.guzmán.472@example.com
473,ELENA MENDOZA,elena.mendoza.473@example.com
474,CAMILA MENDOZA,camila.mendoza.474@example.com
475,PEDRO SALAZAR,pedro.salazar.475@example.com
476,ANA ROJAS,ana.rojas.476@example.com
477,MARÍA VARGAS,maría.vargas.477@example.com
478,ELENA GUZMÁN,elena.guzmán.478@example.com
479,CAMILA SALAZAR,camila.salazar.479@example.com
480,MARÍA CASTRO,maría.castro.480@example.com
481,JORGE MENDOZA,jorge.mendoza.481@example.com
482,SOFÍA FLORES,sofía.flores.482@example.com
483,ANDRÉS CASTRO,andrés.castro.483@example.com
484,JORGE MENDOZA,jorge.mendoza.484@example.com
485,MIGUEL SÁNCHEZ,miguel.sánchez.485@example.com
486,ELENA TORRES,elena.torres.486@example.com
487,DIEGO TORRES,diego.torres.487@example.com
488,VALERIA ROJAS,valeria.rojas.488@example.com
489,JORGE CASTRO,jorge.castro.489@example.com
490,LUIS GUZMÁN,luis.guzmán.490@example.com
491,SOFÍA FLORES,sofía.flores.491@example.com
492,ANA TORRES,ana.torres.492@example.com
493,ANDRÉS ROJAS,andrés.rojas.493@example.com
494,MIGUEL SÁNCHEZ,miguel.sánchez.494@example.com
495,ELENA TORRES,elena.torres.495@example.com
496,LUIS GUZMÁN,luis.guzmán.496@example.com
497,ANA MENDOZA,ana.mendoza.497@example.com
498,CARLOS GARCÍA,carlos.garcía.498@example.com
499,JORGE SALAZAR,jorge.salazar.499@example.com
500,DANIEL HUAMÁN,daniel.huamán.500@example.com
