product_id,nombre_corto,product_name_mod
1,Producto 0,Item 001
2,Producto 0,Item 002
3,Producto 0,Item 003
4,Producto 0,Item 004
5,Producto 0,Item 005
6,Producto 0,Item 006
7,Producto 0,Item 007
8,Producto 0,Item 008
9,Producto 0,Item 009
10,Producto 0,Item 010
11,Producto 0,Item 011
12,Producto 0,Item 012
13,Producto 0,Item 013
14,Producto 0,Item 014
15,Producto 0,Item 015
16,Producto 0,Item 016
17,Producto 0,Item 017
18,Producto 0,Item 018
19,Producto 0,Item 019
20,Producto 0,Item 020
21,Producto 0,Item 021
22,Producto 0,Item 022
23,Producto 0,Item 023
24,Producto 0,Item 024
25,Producto 0,Item 025
26,Producto 0,Item 026
27,Producto 0,Item 027
28,Producto 0,Item 028
29,Producto 0,Item 029
30,Producto 0,Item 030
31,Producto 0,Item 031
32,Producto 0,Item 032
33,Producto 0,Item 033
34,Producto 0,Item 034
35,Producto 0,Item 035
36,Producto 0,Item 036
37,Producto 0,Item 037
38,Producto 0,Item 038
39,Producto 0,Item 039
40,Producto 0,Item 040
41,Producto 0,Item 041
42,Producto 0,Item 042
43,Producto 0,Item 043
44,Producto 0,Item 044
45,Producto 0,Item 045
46,Producto 0,Item 046
47,Producto 0,Item 047
48,Producto 0,Item 048
49,Producto 0,Item 049
50,Producto 0,Item 050
51,Producto 0,Item 051
52,Producto 0,Item 052
53,Producto 0,Item 053
54,Producto 0,Item 054
55,Producto 0,Item 055
56,Producto 0,Item 056
57,Producto 0,Item 057
58,Producto 0,Item 058
59,Producto 0,Item 059
60,Producto 0,Item 060
61,Producto 0,Item 061
62,Producto 0,Item 062
63,Producto 0,Item 063
64,Producto 0,Item 064
65,Producto 0,Item 065
66,Producto 0,Item 066
67,Producto 0,Item 067
68,Producto 0,Item 068
69,Producto 0,Item 069
70,Producto 0,Item 070
71,Producto 0,Item 071
72,Producto 0,Item 072
73,Producto 0,Item 073
74,Producto 0,Item 074
75,Producto 0,Item 075
76,Producto 0,Item 076
77,Producto 0,Item 077
78,Producto 0,Item 078
79,Producto 0,Item 079
80,Producto 0,Item 080
81,Producto 0,Item 081
82,Producto 0,Item 082
83,Producto 0,Item 083
84,Producto 0,Item 084
85,Producto 0,Item 085
86,Producto 0,Item 086
87,Producto 0,Item 087
88,Producto 0,Item 088
89,Producto 0,Item 089
90,Producto 0,Item 090
91,Producto 0,Item 091
92,Producto 0,Item 092
93,Producto 0,Item 093
94,Producto 0,Item 094
95,Producto 0,Item 095
96,Producto 0,Item 096
97,Producto 0,Item 097
98,Producto 0,Item 098
99,Producto 0,Item 099
100,Producto 1,Item 100
