Propuesta: crear Ã­ndices en columnas de join y filtro (p.ej., order_items(product_id)) y filtrar por condiciones de negocio para reducir el conjunto de datos.